p0_raw_tokenizer_alignment={'train': {'rows': 2000, 'loop_targets': 9000, 'all_position_aligned': True}, 'pilot': {'rows': 256, 'loop_targets': 1152, 'all_position_aligned': True}}

Loading weights:   0%|          | 0/290 [00:00<?, ?it/s]
Loading weights: 100%|██████████| 290/290 [00:00<00:00, 4920.42it/s]
p0_installed_tokenizer_alignment={'train': {'rows': 2000, 'loop_targets': 9000, 'all_position_aligned': True}, 'pilot': {'rows': 256, 'loop_targets': 1152, 'all_position_aligned': True}}
bridge_projection_mode=split true_prelude_lr_groups_available=1
resume_lora_recurrent_modules=84
{"control_loss": 0.6931471824645996, "gradient_rms": {"adapter_bridge_rms": 0.03796261736107364, "control_rows_rms": 3.7571592330932617}, "mechanism_loss": 3.9898276329040527, "step": 1, "total_loss": 5.376121997833252}
{"control_loss": 0.0, "gradient_rms": {"adapter_bridge_rms": 0.013206188346684786, "control_rows_rms": 7.014678837791166e-10}, "mechanism_loss": 2.014554738998413, "step": 100, "total_loss": 2.014554738998413}
{"control_loss": 0.0, "gradient_rms": {"adapter_bridge_rms": 0.011532893480036908, "control_rows_rms": 3.770750822695845e-09}, "mechanism_loss": 2.4477882385253906, "step": 200, "total_loss": 2.4477882385253906}
{"control_loss": 0.4054560363292694, "gradient_rms": {"adapter_bridge_rms": 0.01311122160089901, "control_rows_rms": 1.8757357597351074}, "mechanism_loss": 1.5985288619995117, "step": 300, "total_loss": 2.4094409942626953}
{"control_loss": 0.3683362305164337, "gradient_rms": {"adapter_bridge_rms": 0.007154529333283562, "control_rows_rms": 1.3261022567749023}, "mechanism_loss": 1.8624258041381836, "step": 400, "total_loss": 2.5990982055664062}
{"control_loss": 0.9785833954811096, "gradient_rms": {"adapter_bridge_rms": 0.004852601685148782, "control_rows_rms": 4.401879787445068}, "mechanism_loss": 1.025938630104065, "step": 500, "total_loss": 2.983105421066284}
{"evaluation": {"answer_accuracy": 0.26171875, "answer_correct": 67, "answer_total": 256, "by_depth": {"1": {"accuracy": 0.0, "correct": 0, "total": 32}, "2": {"accuracy": 0.0, "correct": 0, "total": 32}, "3": {"accuracy": 0.0, "correct": 0, "total": 32}, "4": {"accuracy": 0.0, "correct": 0, "total": 32}, "5": {"accuracy": 1.0, "correct": 32, "total": 32}, "6": {"accuracy": 0.0, "correct": 0, "total": 32}, "7": {"accuracy": 0.0, "correct": 0, "total": 32}, "8": {"accuracy": 0.0, "correct": 0, "total": 32}}, "continue_correct": 704, "continue_recall": 0.7857142857142857, "continue_total": 896, "exact_selected_depth_accuracy": 0.125, "exact_selected_depth_correct": 32, "exact_selected_depth_total": 256, "exhausted_without_stop": 0, "stop_correct": 128, "stop_recall": 0.5, "stop_total": 256}, "step": 500}
{"control_loss": 0.30854272842407227, "gradient_rms": {"adapter_bridge_rms": 0.008085536933079722, "control_rows_rms": 0.8420044779777527}, "mechanism_loss": 1.8249679803848267, "step": 600, "total_loss": 2.4420533180236816}
{"control_loss": 0.5030789971351624, "gradient_rms": {"adapter_bridge_rms": 0.01476459629009852, "control_rows_rms": 2.9077413082122803}, "mechanism_loss": 2.4175586700439453, "step": 700, "total_loss": 3.4237165451049805}
{"control_loss": 0.3837048411369324, "gradient_rms": {"adapter_bridge_rms": 0.007675132356365059, "control_rows_rms": 1.7448996305465698}, "mechanism_loss": 1.5991246700286865, "step": 800, "total_loss": 2.3665342330932617}
{"control_loss": 0.0, "gradient_rms": {"adapter_bridge_rms": 0.012881812078893471, "control_rows_rms": 2.76271866495037e-10}, "mechanism_loss": 2.186505079269409, "step": 900, "total_loss": 2.186505079269409}
{"control_loss": 0.4336217939853668, "gradient_rms": {"adapter_bridge_rms": 0.00643858473407849, "control_rows_rms": 1.7699692249298096}, "mechanism_loss": 1.7080621719360352, "step": 1000, "total_loss": 2.575305700302124}
{"evaluation": {"answer_accuracy": 0.26953125, "answer_correct": 69, "answer_total": 256, "by_depth": {"1": {"accuracy": 0.0, "correct": 0, "total": 32}, "2": {"accuracy": 0.0, "correct": 0, "total": 32}, "3": {"accuracy": 0.0, "correct": 0, "total": 32}, "4": {"accuracy": 0.0, "correct": 0, "total": 32}, "5": {"accuracy": 0.0, "correct": 0, "total": 32}, "6": {"accuracy": 0.0, "correct": 0, "total": 32}, "7": {"accuracy": 0.0, "correct": 0, "total": 32}, "8": {"accuracy": 1.0, "correct": 32, "total": 32}}, "continue_correct": 896, "continue_recall": 1.0, "continue_total": 896, "exact_selected_depth_accuracy": 0.125, "exact_selected_depth_correct": 32, "exact_selected_depth_total": 256, "exhausted_without_stop": 0, "stop_correct": 32, "stop_recall": 0.125, "stop_total": 256}, "step": 1000}
{"control_loss": 0.3519642651081085, "gradient_rms": {"adapter_bridge_rms": 0.012216323473545265, "control_rows_rms": 2.0487289428710938}, "mechanism_loss": 1.874794363975525, "step": 1100, "total_loss": 2.5787229537963867}
{"control_loss": 0.0, "gradient_rms": {"adapter_bridge_rms": 0.008409861197210657, "control_rows_rms": 1.7832582632770766e-10}, "mechanism_loss": 1.2531535625457764, "step": 1200, "total_loss": 1.2531535625457764}
{"control_loss": 0.1807471215724945, "gradient_rms": {"adapter_bridge_rms": 0.011704929247516023, "control_rows_rms": 0.7513492107391357}, "mechanism_loss": 2.2132668495178223, "step": 1300, "total_loss": 2.574761152267456}
{"control_loss": 0.09980003535747528, "gradient_rms": {"adapter_bridge_rms": 0.007487401692706444, "control_rows_rms": 0.7402780055999756}, "mechanism_loss": 1.2475299835205078, "step": 1400, "total_loss": 1.4471300840377808}
{"control_loss": 0.0, "gradient_rms": {"adapter_bridge_rms": 0.009656114347169727, "control_rows_rms": 3.2496365598433385e-09}, "mechanism_loss": 1.5201725959777832, "step": 1500, "total_loss": 1.5201725959777832}
{"evaluation": {"answer_accuracy": 0.29296875, "answer_correct": 75, "answer_total": 256, "by_depth": {"1": {"accuracy": 0.0, "correct": 0, "total": 32}, "2": {"accuracy": 0.0, "correct": 0, "total": 32}, "3": {"accuracy": 1.0, "correct": 32, "total": 32}, "4": {"accuracy": 1.0, "correct": 32, "total": 32}, "5": {"accuracy": 1.0, "correct": 32, "total": 32}, "6": {"accuracy": 1.0, "correct": 32, "total": 32}, "7": {"accuracy": 0.125, "correct": 4, "total": 32}, "8": {"accuracy": 1.0, "correct": 32, "total": 32}}, "continue_correct": 896, "continue_recall": 1.0, "continue_total": 896, "exact_selected_depth_accuracy": 0.640625, "exact_selected_depth_correct": 164, "exact_selected_depth_total": 256, "exhausted_without_stop": 0, "stop_correct": 164, "stop_recall": 0.640625, "stop_total": 256}, "step": 1500}
{
  "candidate_trie_contract": {
    "candidate_token_ids": [
      [
        362
      ],
      [
        425
      ],
      [
        356
      ],
      [
        422
      ],
      [
        468
      ],
      [
        434
      ],
      [
        479
      ],
      [
        472
      ],
      [
        358
      ],
      [
        619
      ],
      [
        730
      ],
      [
        444
      ],
      [
        386
      ],
      [
        451
      ],
      [
        506
      ],
      [
        393
      ]
    ],
    "candidate_values": [
      "A",
      "B",
      "C",
      "D",
      "E",
      "F",
      "G",
      "H",
      "I",
      "J",
      "K",
      "L",
      "M",
      "N",
      "O",
      "P"
    ],
    "prompt_token_count": 102,
    "score": "mean_token_log_probability_exact_sequence",
    "scoring_prefixes": [
      []
    ]
  },
  "cell": {
    "cell_id": "lambda2_ratio1",
    "control_loss_lambda": 2.0,
    "reference": false,
    "stop_to_continue_ratio": 1.0
  },
  "citable": false,
  "class_weights": {
    "continue": 1.0,
    "stop": 1.0
  },
  "control_token_resize": {
    "added_parameter_count": 2688,
    "added_token_count": 3,
    "control_token_ids": [
      151936,
      151937,
      151938
    ],
    "embedding_lm_head_tied_after": true,
    "embedding_lm_head_tied_before": true,
    "new_row_pair_max_abs_diff": 0.0,
    "old_input_rows_max_abs_diff": 0.0,
    "old_output_rows_max_abs_diff": 0.0,
    "original_tokenizer_size": 151665,
    "original_vocab_size": 151936,
    "resized_vocab_size": 151939,
    "tie_word_embeddings_after": true,
    "tie_word_embeddings_before": true,
    "tokenizer_alignment_token_count": 271
  },
  "evaluations": {
    "step_1000": {
      "answer_accuracy": 0.26953125,
      "answer_correct": 69,
      "answer_total": 256,
      "by_depth": {
        "1": {
          "accuracy": 0.0,
          "correct": 0,
          "total": 32
        },
        "2": {
          "accuracy": 0.0,
          "correct": 0,
          "total": 32
        },
        "3": {
          "accuracy": 0.0,
          "correct": 0,
          "total": 32
        },
        "4": {
          "accuracy": 0.0,
          "correct": 0,
          "total": 32
        },
        "5": {
          "accuracy": 0.0,
          "correct": 0,
          "total": 32
        },
        "6": {
          "accuracy": 0.0,
          "correct": 0,
          "total": 32
        },
        "7": {
          "accuracy": 0.0,
          "correct": 0,
          "total": 32
        },
        "8": {
          "accuracy": 1.0,
          "correct": 32,
          "total": 32
        }
      },
      "continue_correct": 896,
      "continue_recall": 1.0,
      "continue_total": 896,
      "exact_selected_depth_accuracy": 0.125,
      "exact_selected_depth_correct": 32,
      "exact_selected_depth_total": 256,
      "exhausted_without_stop": 0,
      "stop_correct": 32,
      "stop_recall": 0.125,
      "stop_total": 256
    },
    "step_1500": {
      "answer_accuracy": 0.29296875,
      "answer_correct": 75,
      "answer_total": 256,
      "by_depth": {
        "1": {
          "accuracy": 0.0,
          "correct": 0,
          "total": 32
        },
        "2": {
          "accuracy": 0.0,
          "correct": 0,
          "total": 32
        },
        "3": {
          "accuracy": 1.0,
          "correct": 32,
          "total": 32
        },
        "4": {
          "accuracy": 1.0,
          "correct": 32,
          "total": 32
        },
        "5": {
          "accuracy": 1.0,
          "correct": 32,
          "total": 32
        },
        "6": {
          "accuracy": 1.0,
          "correct": 32,
          "total": 32
        },
        "7": {
          "accuracy": 0.125,
          "correct": 4,
          "total": 32
        },
        "8": {
          "accuracy": 1.0,
          "correct": 32,
          "total": 32
        }
      },
      "continue_correct": 896,
      "continue_recall": 1.0,
      "continue_total": 896,
      "exact_selected_depth_accuracy": 0.640625,
      "exact_selected_depth_correct": 164,
      "exact_selected_depth_total": 256,
      "exhausted_without_stop": 0,
      "stop_correct": 164,
      "stop_recall": 0.640625,
      "stop_total": 256
    },
    "step_500": {
      "answer_accuracy": 0.26171875,
      "answer_correct": 67,
      "answer_total": 256,
      "by_depth": {
        "1": {
          "accuracy": 0.0,
          "correct": 0,
          "total": 32
        },
        "2": {
          "accuracy": 0.0,
          "correct": 0,
          "total": 32
        },
        "3": {
          "accuracy": 0.0,
          "correct": 0,
          "total": 32
        },
        "4": {
          "accuracy": 0.0,
          "correct": 0,
          "total": 32
        },
        "5": {
          "accuracy": 1.0,
          "correct": 32,
          "total": 32
        },
        "6": {
          "accuracy": 0.0,
          "correct": 0,
          "total": 32
        },
        "7": {
          "accuracy": 0.0,
          "correct": 0,
          "total": 32
        },
        "8": {
          "accuracy": 0.0,
          "correct": 0,
          "total": 32
        }
      },
      "continue_correct": 704,
      "continue_recall": 0.7857142857142857,
      "continue_total": 896,
      "exact_selected_depth_accuracy": 0.125,
      "exact_selected_depth_correct": 32,
      "exact_selected_depth_total": 256,
      "exhausted_without_stop": 0,
      "stop_correct": 128,
      "stop_recall": 0.5,
      "stop_total": 256
    }
  },
  "frozen_embedding_prefix_sha256_end": "89a005e3456f890a11770dce098e116fe71319c1cb496ca88379e3d248f4e45c",
  "frozen_embedding_prefix_sha256_start": "89a005e3456f890a11770dce098e116fe71319c1cb496ca88379e3d248f4e45c",
  "frozen_embedding_prefix_unchanged": true,
  "kind": "paper2_internal_think_token_p0_cell",
  "logical_trainable_parameters": {
    "adapter_bridge": 6007425,
    "control_token_rows": 2688,
    "forward_active": 6010113,
    "optimizer_dense_embedding_storage": 2688
  },
  "loop_target_alignment": {
    "after_control_token_install": {
      "pilot": {
        "all_position_aligned": true,
        "loop_targets": 1152,
        "rows": 256
      },
      "train": {
        "all_position_aligned": true,
        "loop_targets": 9000,
        "rows": 2000
      }
    },
    "before_control_token_install": {
      "pilot": {
        "all_position_aligned": true,
        "loop_targets": 1152,
        "rows": 256
      },
      "train": {
        "all_position_aligned": true,
        "loop_targets": 9000,
        "rows": 2000
      }
    }
  },
  "registered_t1_training": false,
  "seed": 9999,
  "setup": {
    "bridge_projection_mode": "split",
    "checkpoint_lora_key_counts": {
      "loaded_lora_keys": 0,
      "skipped_lora_keys": 0
    },
    "merged_lora_modules": 0,
    "resume_lora": {
      "alpha": 32.0,
      "dropout": 0.0,
      "enabled": true,
      "rank": 16
    },
    "resume_lora_wrapped": 84,
    "trainable_parameters": {
      "bridge": 1608321,
      "halting": 0,
      "latent": 0,
      "recurrent_block": 4399104,
      "reentry_adapter": 0,
      "total": 6007425
    }
  },
  "split_control_rows": {
    "control_row_count": 3,
    "control_rows_shared": true,
    "control_rows_trainable": true,
    "hidden_size": 896,
    "old_rows_frozen": true,
    "original_vocab_size": 151936,
    "parameter_count_after": 136137344,
    "parameter_count_before": 136137344
  },
  "status": "finished",
  "step_1500": {
    "answer_accuracy": 0.29296875,
    "answer_correct": 75,
    "answer_total": 256,
    "by_depth": {
      "1": {
        "accuracy": 0.0,
        "correct": 0,
        "total": 32
      },
      "2": {
        "accuracy": 0.0,
        "correct": 0,
        "total": 32
      },
      "3": {
        "accuracy": 1.0,
        "correct": 32,
        "total": 32
      },
      "4": {
        "accuracy": 1.0,
        "correct": 32,
        "total": 32
      },
      "5": {
        "accuracy": 1.0,
        "correct": 32,
        "total": 32
      },
      "6": {
        "accuracy": 1.0,
        "correct": 32,
        "total": 32
      },
      "7": {
        "accuracy": 0.125,
        "correct": 4,
        "total": 32
      },
      "8": {
        "accuracy": 1.0,
        "correct": 32,
        "total": 32
      }
    },
    "continue_correct": 896,
    "continue_recall": 1.0,
    "continue_total": 896,
    "exact_selected_depth_accuracy": 0.640625,
    "exact_selected_depth_correct": 164,
    "exact_selected_depth_total": 256,
    "exhausted_without_stop": 0,
    "stop_correct": 164,
    "stop_recall": 0.640625,
    "stop_total": 256
  },
  "steps": 1500,
  "training_trace": [
    {
      "control_loss": 0.6931471824645996,
      "gradient_rms": {
        "adapter_bridge_rms": 0.03796261736107364,
        "control_rows_rms": 3.7571592330932617
      },
      "mechanism_loss": 3.9898276329040527,
      "step": 1,
      "total_loss": 5.376121997833252
    },
    {
      "control_loss": 0.0,
      "gradient_rms": {
        "adapter_bridge_rms": 0.013206188346684786,
        "control_rows_rms": 7.014678837791166e-10
      },
      "mechanism_loss": 2.014554738998413,
      "step": 100,
      "total_loss": 2.014554738998413
    },
    {
      "control_loss": 0.0,
      "gradient_rms": {
        "adapter_bridge_rms": 0.011532893480036908,
        "control_rows_rms": 3.770750822695845e-09
      },
      "mechanism_loss": 2.4477882385253906,
      "step": 200,
      "total_loss": 2.4477882385253906
    },
    {
      "control_loss": 0.4054560363292694,
      "gradient_rms": {
        "adapter_bridge_rms": 0.01311122160089901,
        "control_rows_rms": 1.8757357597351074
      },
      "mechanism_loss": 1.5985288619995117,
      "step": 300,
      "total_loss": 2.4094409942626953
    },
    {
      "control_loss": 0.3683362305164337,
      "gradient_rms": {
        "adapter_bridge_rms": 0.007154529333283562,
        "control_rows_rms": 1.3261022567749023
      },
      "mechanism_loss": 1.8624258041381836,
      "step": 400,
      "total_loss": 2.5990982055664062
    },
    {
      "control_loss": 0.9785833954811096,
      "gradient_rms": {
        "adapter_bridge_rms": 0.004852601685148782,
        "control_rows_rms": 4.401879787445068
      },
      "mechanism_loss": 1.025938630104065,
      "step": 500,
      "total_loss": 2.983105421066284
    },
    {
      "control_loss": 0.30854272842407227,
      "gradient_rms": {
        "adapter_bridge_rms": 0.008085536933079722,
        "control_rows_rms": 0.8420044779777527
      },
      "mechanism_loss": 1.8249679803848267,
      "step": 600,
      "total_loss": 2.4420533180236816
    },
    {
      "control_loss": 0.5030789971351624,
      "gradient_rms": {
        "adapter_bridge_rms": 0.01476459629009852,
        "control_rows_rms": 2.9077413082122803
      },
      "mechanism_loss": 2.4175586700439453,
      "step": 700,
      "total_loss": 3.4237165451049805
    },
    {
      "control_loss": 0.3837048411369324,
      "gradient_rms": {
        "adapter_bridge_rms": 0.007675132356365059,
        "control_rows_rms": 1.7448996305465698
      },
      "mechanism_loss": 1.5991246700286865,
      "step": 800,
      "total_loss": 2.3665342330932617
    },
    {
      "control_loss": 0.0,
      "gradient_rms": {
        "adapter_bridge_rms": 0.012881812078893471,
        "control_rows_rms": 2.76271866495037e-10
      },
      "mechanism_loss": 2.186505079269409,
      "step": 900,
      "total_loss": 2.186505079269409
    },
    {
      "control_loss": 0.4336217939853668,
      "gradient_rms": {
        "adapter_bridge_rms": 0.00643858473407849,
        "control_rows_rms": 1.7699692249298096
      },
      "mechanism_loss": 1.7080621719360352,
      "step": 1000,
      "total_loss": 2.575305700302124
    },
    {
      "control_loss": 0.3519642651081085,
      "gradient_rms": {
        "adapter_bridge_rms": 0.012216323473545265,
        "control_rows_rms": 2.0487289428710938
      },
      "mechanism_loss": 1.874794363975525,
      "step": 1100,
      "total_loss": 2.5787229537963867
    },
    {
      "control_loss": 0.0,
      "gradient_rms": {
        "adapter_bridge_rms": 0.008409861197210657,
        "control_rows_rms": 1.7832582632770766e-10
      },
      "mechanism_loss": 1.2531535625457764,
      "step": 1200,
      "total_loss": 1.2531535625457764
    },
    {
      "control_loss": 0.1807471215724945,
      "gradient_rms": {
        "adapter_bridge_rms": 0.011704929247516023,
        "control_rows_rms": 0.7513492107391357
      },
      "mechanism_loss": 2.2132668495178223,
      "step": 1300,
      "total_loss": 2.574761152267456
    },
    {
      "control_loss": 0.09980003535747528,
      "gradient_rms": {
        "adapter_bridge_rms": 0.007487401692706444,
        "control_rows_rms": 0.7402780055999756
      },
      "mechanism_loss": 1.2475299835205078,
      "step": 1400,
      "total_loss": 1.4471300840377808
    },
    {
      "control_loss": 0.0,
      "gradient_rms": {
        "adapter_bridge_rms": 0.009656114347169727,
        "control_rows_rms": 3.2496365598433385e-09
      },
      "mechanism_loss": 1.5201725959777832,
      "step": 1500,
      "total_loss": 1.5201725959777832
    }
  ]
}
