seed=0
phase2_config=mode=svgd temp=0 noise=0.05 noise_steps=16 eps=1 repulsion=2 max_norm=none proj_dim=8 geom=euclidean proj_path=recreated_within_group_pca_projection

Loading weights:   0%|          | 0/290 [00:00<?, ?it/s]
Loading weights: 100%|██████████| 290/290 [00:00<00:00, 5294.71it/s]
lora_recurrent_modules=84
loaded_checkpoint=outputs/qwen_0_5b_phase2_svgd_recreated_smoke25/phase2_step_25.pt loaded_keys=173


### mode=svgd temp=0 noise=0.05 noise_steps=16 eps=1 repulsion=2 max_norm=none proj_dim=8 geom=euclidean proj_path=recreated_within_group_pca_projection seed=0 ###

=== Phase 2 K=4 mode=svgd temp=0 noise=0.05 noise_steps=16 eps=1 repulsion=2 max_norm=none proj_dim=8 geom=euclidean proj_path=recreated_within_group_pca_projection seed=0 ===

train speed best_of_4=True hits=1/4 unique=2

pharmacy tubs best_of_4=False hits=0/4 unique=1

arithmetic add best_of_4=False hits=0/4 unique=3

arithmetic multiply best_of_4=False hits=0/4 unique=4

cookies division best_of_4=True hits=4/4 unique=1

unit conversion best_of_4=True hits=4/4 unique=2

rectangle area best_of_4=True hits=1/4 unique=3

discount price best_of_4=True hits=2/4 unique=2

recipe scaling best_of_4=True hits=4/4 unique=3

average simple best_of_4=True hits=4/4 unique=1

letter count best_of_4=False hits=0/4 unique=2

rates word best_of_4=False hits=0/4 unique=3

sudoku strategy best_of_4=True hits=3/4 unique=4

n queens small best_of_4=False hits=0/4 unique=4

Phase 2 K=4 mode=svgd temp=0 noise=0.05 noise_steps=16 eps=1 repulsion=2 max_norm=none proj_dim=8 geom=euclidean proj_path=recreated_within_group_pca_projection seed=0 summary: best_hits=8/14 candidate_hits=23/56


### mode=svgd temp=0 noise=0.05 noise_steps=16 eps=1 repulsion=2 max_norm=none proj_dim=8 geom=euclidean proj_path=recreated_within_group_pca_projection seed=1 ###

=== Phase 2 K=4 mode=svgd temp=0 noise=0.05 noise_steps=16 eps=1 repulsion=2 max_norm=none proj_dim=8 geom=euclidean proj_path=recreated_within_group_pca_projection seed=1 ===

train speed best_of_4=True hits=3/4 unique=3

pharmacy tubs best_of_4=False hits=0/4 unique=4

arithmetic add best_of_4=False hits=0/4 unique=3

arithmetic multiply best_of_4=False hits=0/4 unique=3

cookies division best_of_4=True hits=4/4 unique=2

unit conversion best_of_4=True hits=4/4 unique=4

rectangle area best_of_4=False hits=0/4 unique=3

discount price best_of_4=True hits=2/4 unique=3

recipe scaling best_of_4=True hits=4/4 unique=2

average simple best_of_4=True hits=4/4 unique=1

letter count best_of_4=True hits=1/4 unique=2

rates word best_of_4=False hits=0/4 unique=2

sudoku strategy best_of_4=True hits=3/4 unique=4

n queens small best_of_4=False hits=0/4 unique=3

Phase 2 K=4 mode=svgd temp=0 noise=0.05 noise_steps=16 eps=1 repulsion=2 max_norm=none proj_dim=8 geom=euclidean proj_path=recreated_within_group_pca_projection seed=1 summary: best_hits=8/14 candidate_hits=25/56


### mode=svgd temp=0 noise=0.05 noise_steps=16 eps=1 repulsion=2 max_norm=none proj_dim=8 geom=euclidean proj_path=recreated_within_group_pca_projection seed=2 ###

=== Phase 2 K=4 mode=svgd temp=0 noise=0.05 noise_steps=16 eps=1 repulsion=2 max_norm=none proj_dim=8 geom=euclidean proj_path=recreated_within_group_pca_projection seed=2 ===

train speed best_of_4=True hits=2/4 unique=2

pharmacy tubs best_of_4=False hits=0/4 unique=3

arithmetic add best_of_4=True hits=1/4 unique=4

arithmetic multiply best_of_4=False hits=0/4 unique=3

cookies division best_of_4=True hits=4/4 unique=3

unit conversion best_of_4=True hits=3/4 unique=3

rectangle area best_of_4=False hits=0/4 unique=3

discount price best_of_4=False hits=0/4 unique=4

recipe scaling best_of_4=True hits=4/4 unique=3

average simple best_of_4=True hits=4/4 unique=1

letter count best_of_4=True hits=1/4 unique=2

rates word best_of_4=False hits=0/4 unique=1

sudoku strategy best_of_4=True hits=4/4 unique=4

n queens small best_of_4=False hits=0/4 unique=4

Phase 2 K=4 mode=svgd temp=0 noise=0.05 noise_steps=16 eps=1 repulsion=2 max_norm=none proj_dim=8 geom=euclidean proj_path=recreated_within_group_pca_projection seed=2 summary: best_hits=8/14 candidate_hits=23/56


### mode=svgd temp=0 noise=0.05 noise_steps=16 eps=1 repulsion=2 max_norm=none proj_dim=8 geom=euclidean proj_path=recreated_within_group_pca_projection seed=3 ###

=== Phase 2 K=4 mode=svgd temp=0 noise=0.05 noise_steps=16 eps=1 repulsion=2 max_norm=none proj_dim=8 geom=euclidean proj_path=recreated_within_group_pca_projection seed=3 ===

train speed best_of_4=True hits=3/4 unique=3

pharmacy tubs best_of_4=False hits=0/4 unique=3

arithmetic add best_of_4=False hits=0/4 unique=4

arithmetic multiply best_of_4=False hits=0/4 unique=3

cookies division best_of_4=True hits=4/4 unique=1

unit conversion best_of_4=True hits=3/4 unique=4

rectangle area best_of_4=True hits=1/4 unique=2

discount price best_of_4=False hits=0/4 unique=3

recipe scaling best_of_4=True hits=2/4 unique=4

average simple best_of_4=True hits=4/4 unique=1

letter count best_of_4=False hits=0/4 unique=2

rates word best_of_4=False hits=0/4 unique=2

sudoku strategy best_of_4=True hits=3/4 unique=4

n queens small best_of_4=False hits=0/4 unique=3

Phase 2 K=4 mode=svgd temp=0 noise=0.05 noise_steps=16 eps=1 repulsion=2 max_norm=none proj_dim=8 geom=euclidean proj_path=recreated_within_group_pca_projection seed=3 summary: best_hits=7/14 candidate_hits=20/56


### mode=svgd temp=0 noise=0.05 noise_steps=16 eps=1 repulsion=2 max_norm=none proj_dim=8 geom=euclidean proj_path=recreated_within_group_pca_projection seed=4 ###

=== Phase 2 K=4 mode=svgd temp=0 noise=0.05 noise_steps=16 eps=1 repulsion=2 max_norm=none proj_dim=8 geom=euclidean proj_path=recreated_within_group_pca_projection seed=4 ===

train speed best_of_4=True hits=3/4 unique=3

pharmacy tubs best_of_4=False hits=0/4 unique=4

arithmetic add best_of_4=False hits=0/4 unique=3

arithmetic multiply best_of_4=False hits=0/4 unique=3

cookies division best_of_4=True hits=4/4 unique=2

unit conversion best_of_4=True hits=4/4 unique=2

rectangle area best_of_4=False hits=0/4 unique=3

discount price best_of_4=True hits=2/4 unique=2

recipe scaling best_of_4=True hits=4/4 unique=2

average simple best_of_4=True hits=4/4 unique=1

letter count best_of_4=True hits=4/4 unique=1

rates word best_of_4=False hits=0/4 unique=1

sudoku strategy best_of_4=True hits=3/4 unique=4

n queens small best_of_4=False hits=0/4 unique=4

Phase 2 K=4 mode=svgd temp=0 noise=0.05 noise_steps=16 eps=1 repulsion=2 max_norm=none proj_dim=8 geom=euclidean proj_path=recreated_within_group_pca_projection seed=4 summary: best_hits=8/14 candidate_hits=28/56

=== SWEEP SUMMARY ===
mode=svgd temp=0 noise=0.05 noise_steps=16 eps=1 repulsion=2 max_norm=none proj_dim=8 geom=euclidean proj_path=recreated_within_group_pca_projection seed=0 best_hits=8/14 candidate_hits=23/56
mode=svgd temp=0 noise=0.05 noise_steps=16 eps=1 repulsion=2 max_norm=none proj_dim=8 geom=euclidean proj_path=recreated_within_group_pca_projection seed=1 best_hits=8/14 candidate_hits=25/56
mode=svgd temp=0 noise=0.05 noise_steps=16 eps=1 repulsion=2 max_norm=none proj_dim=8 geom=euclidean proj_path=recreated_within_group_pca_projection seed=2 best_hits=8/14 candidate_hits=23/56
mode=svgd temp=0 noise=0.05 noise_steps=16 eps=1 repulsion=2 max_norm=none proj_dim=8 geom=euclidean proj_path=recreated_within_group_pca_projection seed=3 best_hits=7/14 candidate_hits=20/56
mode=svgd temp=0 noise=0.05 noise_steps=16 eps=1 repulsion=2 max_norm=none proj_dim=8 geom=euclidean proj_path=recreated_within_group_pca_projection seed=4 best_hits=8/14 candidate_hits=28/56

=== PROJECTION/REPULSION/STEPS SUMMARY ===
proj_dim=8 repulsion=2 steps=16 mean_best_hits=7.800/14 mean_candidate_hits=23.800/56
mean_best_hits=7.800/14
mean_candidate_hits=23.800/56
