
Loading weights:   0%|          | 0/290 [00:00<?, ?it/s]
Loading weights: 100%|██████████| 290/290 [00:00<00:00, 4236.43it/s]
lora_recurrent_modules=84
loaded_checkpoint=outputs/stage5/stage5_learned_loop_control_halt_l4_20260623_070436/phase1/phase1_step_400.pt loaded_keys=179
optimizer_parameter_tensors=8
step=0 mean_expected_loops=1.7096 mean_halt_entropy=0.6950 expected_ce=0.3143 halting_kl=0.4317 target_mean_loops=1.0000 target_loop_abs_error=0.7096 loop_control_ce=1.1879 halting_target_nll=1.1812 loss=21.6809
step=25 mean_expected_loops=1.4708 mean_halt_entropy=0.7129 expected_ce=0.1031 halting_kl=0.2712 target_mean_loops=1.0000 target_loop_abs_error=0.4708 loop_control_ce=0.9767 halting_target_nll=0.6294 loss=14.2431
step=50 mean_expected_loops=1.5846 mean_halt_entropy=0.7341 expected_ce=0.1533 halting_kl=0.3180 target_mean_loops=1.0000 target_loop_abs_error=0.5846 loop_control_ce=0.9089 halting_target_nll=0.8539 loss=16.0026
step=75 mean_expected_loops=1.6968 mean_halt_entropy=0.7184 expected_ce=0.3127 halting_kl=0.4007 target_mean_loops=1.0000 target_loop_abs_error=0.6968 loop_control_ce=0.9971 halting_target_nll=1.1305 loss=19.6424
step=100 mean_expected_loops=1.8606 mean_halt_entropy=0.6869 expected_ce=0.3352 halting_kl=0.3364 target_mean_loops=2.0000 target_loop_abs_error=0.1394 loop_control_ce=0.2882 halting_target_nll=0.2736 loss=5.4170
step=125 mean_expected_loops=1.4896 mean_halt_entropy=0.7258 expected_ce=0.2545 halting_kl=0.2694 target_mean_loops=1.0000 target_loop_abs_error=0.4896 loop_control_ce=0.8790 halting_target_nll=0.6605 loss=13.9233
step=150 mean_expected_loops=1.9088 mean_halt_entropy=0.7178 expected_ce=0.2055 halting_kl=0.3063 target_mean_loops=2.0000 target_loop_abs_error=0.0912 loop_control_ce=0.4102 halting_target_nll=0.2705 loss=6.2283
step=175 mean_expected_loops=1.6990 mean_halt_entropy=0.7431 expected_ce=0.1822 halting_kl=0.3774 target_mean_loops=1.0000 target_loop_abs_error=0.6990 loop_control_ce=0.9375 halting_target_nll=1.1177 loss=18.9042
step=200 mean_expected_loops=2.0213 mean_halt_entropy=0.7828 expected_ce=0.2633 halting_kl=0.2550 target_mean_loops=2.0000 target_loop_abs_error=0.0213 loop_control_ce=0.3354 halting_target_nll=0.2738 loss=5.7153
step=225 mean_expected_loops=1.4432 mean_halt_entropy=0.7182 expected_ce=0.3898 halting_kl=0.2493 target_mean_loops=1.0000 target_loop_abs_error=0.4432 loop_control_ce=0.6267 halting_target_nll=0.5743 loss=11.1761
step=250 mean_expected_loops=1.7186 mean_halt_entropy=0.7532 expected_ce=0.1946 halting_kl=0.3790 target_mean_loops=1.0000 target_loop_abs_error=0.7186 loop_control_ce=1.0587 halting_target_nll=1.1596 loss=20.3055
step=275 mean_expected_loops=1.8409 mean_halt_entropy=0.7434 expected_ce=0.3398 halting_kl=0.3010 target_mean_loops=2.0000 target_loop_abs_error=0.1591 loop_control_ce=0.4052 halting_target_nll=0.3196 loss=6.8134
step=300 mean_expected_loops=1.5185 mean_halt_entropy=0.7441 expected_ce=0.1938 halting_kl=0.2684 target_mean_loops=1.0000 target_loop_abs_error=0.5185 loop_control_ce=0.7556 halting_target_nll=0.7094 loss=13.3642
step=325 mean_expected_loops=1.5466 mean_halt_entropy=0.7604 expected_ce=0.4479 halting_kl=0.2689 target_mean_loops=1.0000 target_loop_abs_error=0.5466 loop_control_ce=0.7314 halting_target_nll=0.7581 loss=13.9127
step=350 mean_expected_loops=2.0570 mean_halt_entropy=0.8577 expected_ce=0.2638 halting_kl=0.2073 target_mean_loops=2.0000 target_loop_abs_error=0.0570 loop_control_ce=0.3888 halting_target_nll=0.3138 loss=6.5368
step=375 mean_expected_loops=1.5770 mean_halt_entropy=0.7527 expected_ce=0.3210 halting_kl=0.2947 target_mean_loops=1.0000 target_loop_abs_error=0.5770 loop_control_ce=0.7675 halting_target_nll=0.8267 loss=14.7637
saved_checkpoint=outputs/stage5/stage5_learned_loop_control_ce8_continue_l4_20260623_071135/phase1/phase1_step_400.pt
